17:25:41 **** Incremental Build of configuration Debug for project Active_Load_Firrmware ****
make all 
'Building file: ../Src/main.c'
'Invoking: MCU GCC Compiler'
C:\Users\bsarkozy\Desktop\Active_Load_Firmware\Acitve_Load_Firmware\Active_Load_Firrmware\Debug
arm-none-eabi-gcc -mcpu=cortex-m4 -mthumb -mfloat-abi=hard -mfpu=fpv4-sp-d16 -D__weak="__attribute__((weak))" -D__packed="__attribute__((__packed__))" -DUSE_HAL_DRIVER -DSTM32F411xE -I"C:/Users/bsarkozy/Desktop/Active_Load_Firmware/Acitve_Load_Firmware/Active_Load_Firrmware/Inc" -I"C:/Users/bsarkozy/Desktop/Active_Load_Firmware/Acitve_Load_Firmware/Active_Load_Firrmware/Drivers/STM32F4xx_HAL_Driver/Inc" -I"C:/Users/bsarkozy/Desktop/Active_Load_Firmware/Acitve_Load_Firmware/Active_Load_Firrmware/Drivers/STM32F4xx_HAL_Driver/Inc/Legacy" -I"C:/Users/bsarkozy/Desktop/Active_Load_Firmware/Acitve_Load_Firmware/Active_Load_Firrmware/Drivers/CMSIS/Include" -I"C:/Users/bsarkozy/Desktop/Active_Load_Firmware/Acitve_Load_Firmware/Active_Load_Firrmware/Drivers/CMSIS/Device/ST/STM32F4xx/Include"  -Os -g3 -Wall -fmessage-length=0 -ffunction-sections -c -fmessage-length=0 -MMD -MP -MF"Src/main.d" -MT"Src/main.o" -o "Src/main.o" "../Src/main.c"
../Src/main.c: In function 'SendShiftReg':
../Src/main.c:198:27: warning: passing argument 2 of 'HAL_SPI_Transmit' from incompatible pointer type [-Wincompatible-pointer-types]
  HAL_SPI_Transmit(&hspi2, shift_reg_data, 2, COMM_TIMEOUT);
                           ^
In file included from C:/Users/bsarkozy/Desktop/Active_Load_Firmware/Acitve_Load_Firmware/Active_Load_Firrmware/Inc/stm32f4xx_hal_conf.h:365:0,
                 from C:/Users/bsarkozy/Desktop/Active_Load_Firmware/Acitve_Load_Firmware/Active_Load_Firrmware/Drivers/STM32F4xx_HAL_Driver/Inc/stm32f4xx_hal.h:48,
                 from ../Src/main.c:34:
C:/Users/bsarkozy/Desktop/Active_Load_Firmware/Acitve_Load_Firmware/Active_Load_Firrmware/Drivers/STM32F4xx_HAL_Driver/Inc/stm32f4xx_hal_spi.h:441:19: note: expected 'uint8_t * {aka unsigned char *}' but argument is of type 'uint16_t * {aka short unsigned int *}'
 HAL_StatusTypeDef HAL_SPI_Transmit(SPI_HandleTypeDef *hspi, uint8_t *pData, uint16_t Size, uint32_t Timeout);
                   ^
../Src/main.c: In function 'main':
../Src/main.c:251:36: warning: passing argument 2 of 'HAL_UART_Receive' from incompatible pointer type [-Wincompatible-pointer-types]
          HAL_UART_Receive(&huart1, &received_command, 1, COMM_TIMEOUT);
                                    ^
In file included from C:/Users/bsarkozy/Desktop/Active_Load_Firmware/Acitve_Load_Firmware/Active_Load_Firrmware/Inc/stm32f4xx_hal_conf.h:373:0,
                 from C:/Users/bsarkozy/Desktop/Active_Load_Firmware/Acitve_Load_Firmware/Active_Load_Firrmware/Drivers/STM32F4xx_HAL_Driver/Inc/stm32f4xx_hal.h:48,
                 from ../Src/main.c:34:
C:/Users/bsarkozy/Desktop/Active_Load_Firmware/Acitve_Load_Firmware/Active_Load_Firrmware/Drivers/STM32F4xx_HAL_Driver/Inc/stm32f4xx_hal_uart.h:648:19: note: expected 'uint8_t * {aka unsigned char *}' but argument is of type 'volatile uint8_t (*)[3] {aka volatile unsigned char (*)[3]}'
 HAL_StatusTypeDef HAL_UART_Receive(UART_HandleTypeDef *huart, uint8_t *pData, uint16_t Size, uint32_t Timeout);
                   ^
../Src/main.c:254:36: warning: passing argument 2 of 'HAL_UART_Transmit' from incompatible pointer type [-Wincompatible-pointer-types]
         HAL_UART_Transmit(&huart1, &received_command, 1, COMM_TIMEOUT);
                                    ^
In file included from C:/Users/bsarkozy/Desktop/Active_Load_Firmware/Acitve_Load_Firmware/Active_Load_Firrmware/Inc/stm32f4xx_hal_conf.h:373:0,
                 from C:/Users/bsarkozy/Desktop/Active_Load_Firmware/Acitve_Load_Firmware/Active_Load_Firrmware/Drivers/STM32F4xx_HAL_Driver/Inc/stm32f4xx_hal.h:48,
                 from ../Src/main.c:34:
C:/Users/bsarkozy/Desktop/Active_Load_Firmware/Acitve_Load_Firmware/Active_Load_Firrmware/Drivers/STM32F4xx_HAL_Driver/Inc/stm32f4xx_hal_uart.h:647:19: note: expected 'uint8_t * {aka unsigned char *}' but argument is of type 'volatile uint8_t (*)[3] {aka volatile unsigned char (*)[3]}'
 HAL_StatusTypeDef HAL_UART_Transmit(UART_HandleTypeDef *huart, uint8_t *pData, uint16_t Size, uint32_t Timeout);
                   ^
../Src/main.c:263:36: warning: passing argument 2 of 'HAL_UART_Receive_DMA' from incompatible pointer type [-Wincompatible-pointer-types]
      HAL_UART_Receive_DMA(&huart1, &received_command, 3);
                                    ^
In file included from C:/Users/bsarkozy/Desktop/Active_Load_Firmware/Acitve_Load_Firmware/Active_Load_Firrmware/Inc/stm32f4xx_hal_conf.h:373:0,
                 from C:/Users/bsarkozy/Desktop/Active_Load_Firmware/Acitve_Load_Firmware/Active_Load_Firrmware/Drivers/STM32F4xx_HAL_Driver/Inc/stm32f4xx_hal.h:48,
                 from ../Src/main.c:34:
C:/Users/bsarkozy/Desktop/Active_Load_Firmware/Acitve_Load_Firmware/Active_Load_Firrmware/Drivers/STM32F4xx_HAL_Driver/Inc/stm32f4xx_hal_uart.h:652:19: note: expected 'uint8_t * {aka unsigned char *}' but argument is of type 'volatile uint8_t (*)[3] {aka volatile unsigned char (*)[3]}'
 HAL_StatusTypeDef HAL_UART_Receive_DMA(UART_HandleTypeDef *huart, uint8_t *pData, uint16_t Size);
                   ^
../Src/main.c:274:52: warning: passing argument 5 of 'HAL_I2C_Mem_Read' from incompatible pointer type [-Wincompatible-pointer-types]
      HAL_I2C_Mem_Read(&hi2c1, EEPROM_PAGE_2, 0, 1, calib_channel_code_0A, 16, COMM_TIMEOUT);
                                                    ^
In file included from C:/Users/bsarkozy/Desktop/Active_Load_Firmware/Acitve_Load_Firmware/Active_Load_Firrmware/Inc/stm32f4xx_hal_conf.h:329:0,
                 from C:/Users/bsarkozy/Desktop/Active_Load_Firmware/Acitve_Load_Firmware/Active_Load_Firrmware/Drivers/STM32F4xx_HAL_Driver/Inc/stm32f4xx_hal.h:48,
                 from ../Src/main.c:34:
C:/Users/bsarkozy/Desktop/Active_Load_Firmware/Acitve_Load_Firmware/Active_Load_Firrmware/Drivers/STM32F4xx_HAL_Driver/Inc/stm32f4xx_hal_i2c.h:504:19: note: expected 'uint8_t * {aka unsigned char *}' but argument is of type 'uint16_t * {aka short unsigned int *}'
 HAL_StatusTypeDef HAL_I2C_Mem_Read(I2C_HandleTypeDef *hi2c, uint16_t DevAddress, uint16_t MemAddress, uint16_t MemAddSize, uint8_t *pData, uint16_t Size, uint32_t Timeout);
                   ^
../Src/main.c:275:53: warning: passing argument 5 of 'HAL_I2C_Mem_Read' from incompatible pointer type [-Wincompatible-pointer-types]
      HAL_I2C_Mem_Read(&hi2c1, EEPROM_PAGE_2, 16, 1, calib_channel_code_2A, 16, COMM_TIMEOUT);
                                                     ^
In file included from C:/Users/bsarkozy/Desktop/Active_Load_Firmware/Acitve_Load_Firmware/Active_Load_Firrmware/Inc/stm32f4xx_hal_conf.h:329:0,
                 from C:/Users/bsarkozy/Desktop/Active_Load_Firmware/Acitve_Load_Firmware/Active_Load_Firrmware/Drivers/STM32F4xx_HAL_Driver/Inc/stm32f4xx_hal.h:48,
                 from ../Src/main.c:34:
C:/Users/bsarkozy/Desktop/Active_Load_Firmware/Acitve_Load_Firmware/Active_Load_Firrmware/Drivers/STM32F4xx_HAL_Driver/Inc/stm32f4xx_hal_i2c.h:504:19: note: expected 'uint8_t * {aka unsigned char *}' but argument is of type 'uint16_t * {aka short unsigned int *}'
 HAL_StatusTypeDef HAL_I2C_Mem_Read(I2C_HandleTypeDef *hi2c, uint16_t DevAddress, uint16_t MemAddress, uint16_t MemAddSize, uint8_t *pData, uint16_t Size, uint32_t Timeout);
                   ^
../Src/main.c:326:72: warning: passing argument 5 of 'HAL_I2C_Mem_Write' discards 'volatile' qualifier from pointer target type [-Wdiscarded-qualifiers]
       HAL_I2C_Mem_Write(&hi2c1, EEPROM_PAGE_2, received_command[1], 1, &received_command[2], 1, COMM_TIMEOUT);
                                                                        ^
In file included from C:/Users/bsarkozy/Desktop/Active_Load_Firmware/Acitve_Load_Firmware/Active_Load_Firrmware/Inc/stm32f4xx_hal_conf.h:329:0,
                 from C:/Users/bsarkozy/Desktop/Active_Load_Firmware/Acitve_Load_Firmware/Active_Load_Firrmware/Drivers/STM32F4xx_HAL_Driver/Inc/stm32f4xx_hal.h:48,
                 from ../Src/main.c:34:
C:/Users/bsarkozy/Desktop/Active_Load_Firmware/Acitve_Load_Firmware/Active_Load_Firrmware/Drivers/STM32F4xx_HAL_Driver/Inc/stm32f4xx_hal_i2c.h:503:19: note: expected 'uint8_t * {aka unsigned char *}' but argument is of type 'volatile uint8_t * {aka volatile unsigned char *}'
 HAL_StatusTypeDef HAL_I2C_Mem_Write(I2C_HandleTypeDef *hi2c, uint16_t DevAddress, uint16_t MemAddress, uint16_t MemAddSize, uint8_t *pData, uint16_t Size, uint32_t Timeout);
                   ^
../Src/main.c:393:36: warning: passing argument 2 of 'HAL_UART_Transmit' from incompatible pointer type [-Wincompatible-pointer-types]
         HAL_UART_Transmit(&huart1, &cycle_count, 1, COMM_TIMEOUT);
                                    ^
In file included from C:/Users/bsarkozy/Desktop/Active_Load_Firmware/Acitve_Load_Firmware/Active_Load_Firrmware/Inc/stm32f4xx_hal_conf.h:373:0,
                 from C:/Users/bsarkozy/Desktop/Active_Load_Firmware/Acitve_Load_Firmware/Active_Load_Firrmware/Drivers/STM32F4xx_HAL_Driver/Inc/stm32f4xx_hal.h:48,
                 from ../Src/main.c:34:
C:/Users/bsarkozy/Desktop/Active_Load_Firmware/Acitve_Load_Firmware/Active_Load_Firrmware/Drivers/STM32F4xx_HAL_Driver/Inc/stm32f4xx_hal_uart.h:647:19: note: expected 'uint8_t * {aka unsigned char *}' but argument is of type 'volatile uint32_t * {aka volatile long unsigned int *}'
 HAL_StatusTypeDef HAL_UART_Transmit(UART_HandleTypeDef *huart, uint8_t *pData, uint16_t Size, uint32_t Timeout);
                   ^
../Src/main.c:427:32: warning: passing argument 2 of 'HAL_UART_Transmit' from incompatible pointer type [-Wincompatible-pointer-types]
     HAL_UART_Transmit(&huart2, &rpm_fan1, 2, COMM_TIMEOUT);
                                ^
In file included from C:/Users/bsarkozy/Desktop/Active_Load_Firmware/Acitve_Load_Firmware/Active_Load_Firrmware/Inc/stm32f4xx_hal_conf.h:373:0,
                 from C:/Users/bsarkozy/Desktop/Active_Load_Firmware/Acitve_Load_Firmware/Active_Load_Firrmware/Drivers/STM32F4xx_HAL_Driver/Inc/stm32f4xx_hal.h:48,
                 from ../Src/main.c:34:
C:/Users/bsarkozy/Desktop/Active_Load_Firmware/Acitve_Load_Firmware/Active_Load_Firrmware/Drivers/STM32F4xx_HAL_Driver/Inc/stm32f4xx_hal_uart.h:647:19: note: expected 'uint8_t * {aka unsigned char *}' but argument is of type 'uint16_t * {aka short unsigned int *}'
 HAL_StatusTypeDef HAL_UART_Transmit(UART_HandleTypeDef *huart, uint8_t *pData, uint16_t Size, uint32_t Timeout);
                   ^
../Src/main.c:428:32: warning: passing argument 2 of 'HAL_UART_Transmit' from incompatible pointer type [-Wincompatible-pointer-types]
     HAL_UART_Transmit(&huart2, &rpm_fan2, 2, COMM_TIMEOUT);
                                ^
In file included from C:/Users/bsarkozy/Desktop/Active_Load_Firmware/Acitve_Load_Firmware/Active_Load_Firrmware/Inc/stm32f4xx_hal_conf.h:373:0,
                 from C:/Users/bsarkozy/Desktop/Active_Load_Firmware/Acitve_Load_Firmware/Active_Load_Firrmware/Drivers/STM32F4xx_HAL_Driver/Inc/stm32f4xx_hal.h:48,
                 from ../Src/main.c:34:
C:/Users/bsarkozy/Desktop/Active_Load_Firmware/Acitve_Load_Firmware/Active_Load_Firrmware/Drivers/STM32F4xx_HAL_Driver/Inc/stm32f4xx_hal_uart.h:647:19: note: expected 'uint8_t * {aka unsigned char *}' but argument is of type 'uint16_t * {aka short unsigned int *}'
 HAL_StatusTypeDef HAL_UART_Transmit(UART_HandleTypeDef *huart, uint8_t *pData, uint16_t Size, uint32_t Timeout);
                   ^
../Src/main.c:211:11: warning: unused variable 'voltage_ranges' [-Wunused-variable]
   uint8_t voltage_ranges = 0xFF;
           ^
'Finished building: ../Src/main.c'
' '
'Building target: Active_Load_Firrmware.elf'
'Invoking: MCU GCC Linker'
arm-none-eabi-gcc -mcpu=cortex-m4 -mthumb -mfloat-abi=hard -mfpu=fpv4-sp-d16 -specs=nosys.specs -specs=nano.specs -T"../STM32F411RETx_FLASH.ld" -Wl,-Map=output.map -Wl,--gc-sections -lm -o "Active_Load_Firrmware.elf" @"objects.list"  
'Finished building target: Active_Load_Firrmware.elf'
' '
make --no-print-directory post-build
'Generating binary and Printing size information:'
arm-none-eabi-objcopy -O binary "Active_Load_Firrmware.elf" "Active_Load_Firrmware.bin"
arm-none-eabi-size "Active_Load_Firrmware.elf"
   text	   data	    bss	    dec	    hex	filename
  15380	     12	   2500	  17892	   45e4	Active_Load_Firrmware.elf
' '

17:25:43 Build Finished (took 1s.637ms)

